// Jest Snapshot v1, https://goo.gl/fbAQLP

exports[`Pruebas en < FirstApp /> Debe de hacer match con el snapshot 1`] = `
<div>
  <h1>
    Hola, Soy Goku
  </h1>
  <h1>
    No hay subtitulo
  </h1>
  <p>
    Cristian Gonzalez
  </p>
</div>
`;
