// Jest Snapshot v1, https://goo.gl/fbAQLP

exports[`Pruebas en < FirstApp /> debe de hacer math con el snapshot 1`] = `
<div>
  <div
    data-testid="test-title"
  >
    Hola, Soy Goku
  </div>
  <p>
    No hay subtitulo
  </p>
  <h1>
    No hay subtitulo
  </h1>
  <p>
    Cristian Gonzalez
  </p>
</div>
`;
